 -------------------------
 Symbol         | Location
 ---------------+---------
 A              |   15A
 C              |   157
 H              |   156
 Hypotenus      |   150
 O              |   155
 S              |   154
 addition       |   01A
 adjacent       |   152
 check          |   15B
 check_div      |   059
 check_maxi     |   091
 check_mini     |   075
 check_minus    |   028
 check_mult     |   03E
 check_pow      |   0AD
 cos            |   127
 cos_loop       |   12F
 count          |   15C
 detect         |   0AE
 div_loop       |   069
 divise         |   061
 division       |   161
 end            |   14F
 firstside      |   16E
 int            |   165
 loop           |   04E
 loop_sin       |   11B
 loop_tan       |   143
 maxi           |   163
 maximum        |   099
 min            |   15F
 mini           |   162
 minimum        |   07D
 minus          |   030
 multiply       |   160
 n2             |   08E
 no             |   176
 nu2            |   0AA
 num1           |   166
 num2           |   167
 one            |   16B
 one&2          |   173
 one&3          |   172
 operation      |   153
 opposite       |   151
 plus           |   15E
 secside        |   16F
 space          |   15D
 sum            |   168
 t              |   159
 tan            |   13B
 thirdside      |   170
 three          |   16D
 times          |   046
 trig           |   158
 trig_beg       |   0F7
 trig_operation |   0EF
 two            |   16C
 two&3          |   171
 valid          |   174
 valid2         |   0DA
 valid3         |   0E3
 validaited     |   0B6
 validall       |   0EC
 validation     |   164
 var            |   169
 which_trig     |   16A
 yes            |   175
